// Jest Snapshot v1, https://goo.gl/fbAQLP

exports[`Nav should match the snapshot 1`] = `
<nav
  className="main-nav"
>
  <NavLink
    to="/asteroids"
  >
    <button
      className="asteroid-btn"
    >
       Asteroids 
    </button>
  </NavLink>
</nav>
`;
