// Jest Snapshot v1, https://goo.gl/fbAQLP

exports[`App should match the snapshot 1`] = `
<div
  className="App"
>
  <Route
    exact={true}
    path="/(asteroids|)/"
    render={[Function]}
  />
  <Route
    exact={true}
    path="/apod"
    render={[Function]}
  />
</div>
`;
